Connected to DB
Reset user data for testing.

--- TEST 1: BUYING 3 RIGS ---
[BUY_RIG DEBUG] Creating rig for user: 698c189cd3803ad7d0328446, name: Rig 1, rarity: LEGENDARY
[BUY_RIG DEBUG] Rig created with ID: 698ff10deaad6eb190b02e25
[BUY_1] Status: 201, Message: undefined
[BUY_RIG DEBUG] Creating rig for user: 698c189cd3803ad7d0328446, name: Rig 2, rarity: LEGENDARY
[BUY_RIG DEBUG] Rig created with ID: 698ff10deaad6eb190b02e2f
[BUY_2] Status: 201, Message: undefined
[BUY_RIG DEBUG] Creating rig for user: 698c189cd3803ad7d0328446, name: Rig 3, rarity: LEGENDARY
[BUY_RIG DEBUG] Rig created with ID: 698ff10deaad6eb190b02e39
[BUY_3] Status: 201, Message: undefined

--- TEST 2: BUYING 4TH RIG (EXPECT FAILURE) ---
[BUY_4_FAIL] Status: 403, Message: เธเธทเนเธเธ—เธตเนเธเธธเธ”เน€เธเธฒเธฐเน€เธ•เนเธกเนเธฅเนเธง (Slot full: 3/3). เนเธเธฃเธ”เธเธขเธฒเธขเธเธทเนเธเธ—เธตเนเน€เธเธดเนเธกเธเนเธญเธเธเธทเนเธญเน€เธเธฃเธทเนเธญเธเนเธซเธกเน

--- TEST 3: UNLOCKING SLOT 4 ---
[DEBUG] User 698c189cd3803ad7d0328446 attempting to unlock slot 4. Current unlocked: 3
[UNLOCK_4] Status: 200, Message: Slot unlocked successfully

--- TEST 4: BUYING 4TH RIG (EXPECT SUCCESS) ---
[BUY_RIG DEBUG] Creating rig for user: 698c189cd3803ad7d0328446, name: Rig 4, rarity: LEGENDARY
[BUY_RIG DEBUG] Rig created with ID: 698ff10eeaad6eb190b02e48
[BUY_4_SUCCESS] Status: 201, Message: undefined
