src/controllers/accessoryController.ts(178,19): error TS2339: Property 'materials' does not exist on type 'Document<unknown, {}, IUser, {}, {}> & IUser & Required<{ _id: ObjectId; }> & { __v: number; }'.
src/controllers/accessoryController.ts(178,38): error TS2339: Property 'materials' does not exist on type 'Document<unknown, {}, IUser, {}, {}> & IUser & Required<{ _id: ObjectId; }> & { __v: number; }'.
src/controllers/accessoryController.ts(197,14): error TS2339: Property 'materials' does not exist on type 'Document<unknown, {}, IUser, {}, {}> & IUser & Required<{ _id: ObjectId; }> & { __v: number; }'.
src/controllers/craftingController.ts(55,32): error TS2339: Property 'craftingQueue' does not exist on type 'Document<unknown, {}, IUser, {}, {}> & IUser & Required<{ _id: ObjectId; }> & { __v: number; }'.
src/controllers/craftingController.ts(77,19): error TS2339: Property 'materials' does not exist on type 'Document<unknown, {}, IUser, {}, {}> & IUser & Required<{ _id: ObjectId; }> & { __v: number; }'.
src/controllers/craftingController.ts(77,35): error TS2339: Property 'materials' does not exist on type 'Document<unknown, {}, IUser, {}, {}> & IUser & Required<{ _id: ObjectId; }> & { __v: number; }'.
src/controllers/craftingController.ts(82,32): error TS2339: Property 'materials' does not exist on type 'Document<unknown, {}, IUser, {}, {}> & IUser & Required<{ _id: ObjectId; }> & { __v: number; }'.
src/controllers/craftingController.ts(98,18): error TS2339: Property 'materials' does not exist on type 'Document<unknown, {}, IUser, {}, {}> & IUser & Required<{ _id: ObjectId; }> & { __v: number; }'.
src/controllers/craftingController.ts(98,53): error TS2339: Property 'materials' does not exist on type 'Document<unknown, {}, IUser, {}, {}> & IUser & Required<{ _id: ObjectId; }> & { __v: number; }'.
src/controllers/craftingController.ts(110,19): error TS2339: Property 'craftingQueue' does not exist on type 'Document<unknown, {}, IUser, {}, {}> & IUser & Required<{ _id: ObjectId; }> & { __v: number; }'.
src/controllers/craftingController.ts(110,39): error TS2339: Property 'craftingQueue' does not exist on type 'Document<unknown, {}, IUser, {}, {}> & IUser & Required<{ _id: ObjectId; }> & { __v: number; }'.
src/controllers/craftingController.ts(111,14): error TS2339: Property 'craftingQueue' does not exist on type 'Document<unknown, {}, IUser, {}, {}> & IUser & Required<{ _id: ObjectId; }> & { __v: number; }'.
src/controllers/craftingController.ts(141,25): error TS2339: Property 'craftingQueue' does not exist on type 'Document<unknown, {}, IUser, {}, {}> & IUser & Required<{ _id: ObjectId; }> & { __v: number; }'.
src/controllers/craftingController.ts(142,29): error TS2339: Property 'materials' does not exist on type 'Document<unknown, {}, IUser, {}, {}> & IUser & Required<{ _id: ObjectId; }> & { __v: number; }'.
src/controllers/craftingController.ts(161,19): error TS2339: Property 'craftingQueue' does not exist on type 'Document<unknown, {}, IUser, {}, {}> & IUser & Required<{ _id: ObjectId; }> & { __v: number; }'.
src/controllers/craftingController.ts(161,39): error TS2339: Property 'craftingQueue' does not exist on type 'Document<unknown, {}, IUser, {}, {}> & IUser & Required<{ _id: ObjectId; }> & { __v: number; }'.
src/controllers/craftingController.ts(162,33): error TS2339: Property 'craftingQueue' does not exist on type 'Document<unknown, {}, IUser, {}, {}> & IUser & Required<{ _id: ObjectId; }> & { __v: number; }'.
src/controllers/craftingController.ts(167,32): error TS2339: Property 'craftingQueue' does not exist on type 'Document<unknown, {}, IUser, {}, {}> & IUser & Required<{ _id: ObjectId; }> & { __v: number; }'.
src/controllers/craftingController.ts(214,14): error TS2339: Property 'craftingQueue' does not exist on type 'Document<unknown, {}, IUser, {}, {}> & IUser & Required<{ _id: ObjectId; }> & { __v: number; }'.
src/controllers/craftingController.ts(240,25): error TS2339: Property 'craftingQueue' does not exist on type 'Document<unknown, {}, IUser, {}, {}> & IUser & Required<{ _id: ObjectId; }> & { __v: number; }'.
src/controllers/dailyBonusController.ts(48,38): error TS2339: Property 'lastCheckIn' does not exist on type 'Document<unknown, {}, IUser, {}, {}> & IUser & Required<{ _id: ObjectId; }> & { __v: number; }'.
src/controllers/dailyBonusController.ts(48,66): error TS2339: Property 'lastCheckIn' does not exist on type 'Document<unknown, {}, IUser, {}, {}> & IUser & Required<{ _id: ObjectId; }> & { __v: number; }'.
src/controllers/dailyBonusController.ts(61,27): error TS2339: Property 'checkInStreak' does not exist on type 'Document<unknown, {}, IUser, {}, {}> & IUser & Required<{ _id: ObjectId; }> & { __v: number; }'.
src/controllers/dailyBonusController.ts(80,27): error TS2339: Property 'materials' does not exist on type 'Document<unknown, {}, IUser, {}, {}> & IUser & Required<{ _id: ObjectId; }> & { __v: number; }'.
src/controllers/dailyBonusController.ts(80,43): error TS2339: Property 'materials' does not exist on type 'Document<unknown, {}, IUser, {}, {}> & IUser & Required<{ _id: ObjectId; }> & { __v: number; }'.
src/controllers/dailyBonusController.ts(83,22): error TS2339: Property 'materials' does not exist on type 'Document<unknown, {}, IUser, {}, {}> & IUser & Required<{ _id: ObjectId; }> & { __v: number; }'.
src/controllers/dailyBonusController.ts(83,57): error TS2339: Property 'materials' does not exist on type 'Document<unknown, {}, IUser, {}, {}> & IUser & Required<{ _id: ObjectId; }> & { __v: number; }'.
src/controllers/dailyBonusController.ts(87,27): error TS2339: Property 'stats' does not exist on type 'Document<unknown, {}, IUser, {}, {}> & IUser & Required<{ _id: ObjectId; }> & { __v: number; }'.
src/controllers/dailyBonusController.ts(87,39): error TS2339: Property 'stats' does not exist on type 'Document<unknown, {}, IUser, {}, {}> & IUser & Required<{ _id: ObjectId; }> & { __v: number; }'.
src/controllers/dailyBonusController.ts(88,22): error TS2339: Property 'stats' does not exist on type 'Document<unknown, {}, IUser, {}, {}> & IUser & Required<{ _id: ObjectId; }> & { __v: number; }'.
src/controllers/dailyBonusController.ts(88,56): error TS2339: Property 'stats' does not exist on type 'Document<unknown, {}, IUser, {}, {}> & IUser & Required<{ _id: ObjectId; }> & { __v: number; }'.
src/controllers/dailyBonusController.ts(118,27): error TS2339: Property 'materials' does not exist on type 'Document<unknown, {}, IUser, {}, {}> & IUser & Required<{ _id: ObjectId; }> & { __v: number; }'.
src/controllers/dailyBonusController.ts(118,43): error TS2339: Property 'materials' does not exist on type 'Document<unknown, {}, IUser, {}, {}> & IUser & Required<{ _id: ObjectId; }> & { __v: number; }'.
src/controllers/dailyBonusController.ts(119,22): error TS2339: Property 'materials' does not exist on type 'Document<unknown, {}, IUser, {}, {}> & IUser & Required<{ _id: ObjectId; }> & { __v: number; }'.
src/controllers/dailyBonusController.ts(119,45): error TS2339: Property 'materials' does not exist on type 'Document<unknown, {}, IUser, {}, {}> & IUser & Required<{ _id: ObjectId; }> & { __v: number; }'.
src/controllers/dailyBonusController.ts(124,14): error TS2339: Property 'lastCheckIn' does not exist on type 'Document<unknown, {}, IUser, {}, {}> & IUser & Required<{ _id: ObjectId; }> & { __v: number; }'.
src/controllers/dailyBonusController.ts(125,14): error TS2339: Property 'checkInStreak' does not exist on type 'Document<unknown, {}, IUser, {}, {}> & IUser & Required<{ _id: ObjectId; }> & { __v: number; }'.
src/controllers/dungeonController.ts(193,27): error TS2339: Property 'materials' does not exist on type 'Document<unknown, {}, IUser, {}, {}> & IUser & Required<{ _id: ObjectId; }> & { __v: number; }'.
src/controllers/dungeonController.ts(193,43): error TS2339: Property 'materials' does not exist on type 'Document<unknown, {}, IUser, {}, {}> & IUser & Required<{ _id: ObjectId; }> & { __v: number; }'.
src/controllers/dungeonController.ts(194,22): error TS2339: Property 'materials' does not exist on type 'Document<unknown, {}, IUser, {}, {}> & IUser & Required<{ _id: ObjectId; }> & { __v: number; }'.
src/controllers/dungeonController.ts(194,59): error TS2339: Property 'materials' does not exist on type 'Document<unknown, {}, IUser, {}, {}> & IUser & Required<{ _id: ObjectId; }> & { __v: number; }'.
src/controllers/luckyDrawController.ts(15,31): error TS2339: Property 'lastLuckyDraw' does not exist on type 'Document<unknown, {}, IUser, {}, {}> & IUser & Required<{ _id: ObjectId; }> & { __v: number; }'.
src/controllers/luckyDrawController.ts(49,23): error TS2339: Property 'materials' does not exist on type 'Document<unknown, {}, IUser, {}, {}> & IUser & Required<{ _id: ObjectId; }> & { __v: number; }'.
src/controllers/luckyDrawController.ts(49,39): error TS2339: Property 'materials' does not exist on type 'Document<unknown, {}, IUser, {}, {}> & IUser & Required<{ _id: ObjectId; }> & { __v: number; }'.
src/controllers/luckyDrawController.ts(51,18): error TS2339: Property 'materials' does not exist on type 'Document<unknown, {}, IUser, {}, {}> & IUser & Required<{ _id: ObjectId; }> & { __v: number; }'.
src/controllers/luckyDrawController.ts(51,45): error TS2339: Property 'materials' does not exist on type 'Document<unknown, {}, IUser, {}, {}> & IUser & Required<{ _id: ObjectId; }> & { __v: number; }'.
src/controllers/luckyDrawController.ts(66,14): error TS2339: Property 'lastLuckyDraw' does not exist on type 'Document<unknown, {}, IUser, {}, {}> & IUser & Required<{ _id: ObjectId; }> & { __v: number; }'.
src/controllers/materialController.ts(50,19): error TS2339: Property 'materials' does not exist on type 'Document<unknown, {}, IUser, {}, {}> & IUser & Required<{ _id: ObjectId; }> & { __v: number; }'.
src/controllers/materialController.ts(50,35): error TS2339: Property 'materials' does not exist on type 'Document<unknown, {}, IUser, {}, {}> & IUser & Required<{ _id: ObjectId; }> & { __v: number; }'.
src/controllers/materialController.ts(55,37): error TS2339: Property 'materials' does not exist on type 'Document<unknown, {}, IUser, {}, {}> & IUser & Required<{ _id: ObjectId; }> & { __v: number; }'.
src/controllers/materialController.ts(90,40): error TS2339: Property 'materials' does not exist on type 'Document<unknown, {}, IUser, {}, {}> & IUser & Required<{ _id: ObjectId; }> & { __v: number; }'.
src/controllers/materialController.ts(101,14): error TS2339: Property 'materials' does not exist on type 'Document<unknown, {}, IUser, {}, {}> & IUser & Required<{ _id: ObjectId; }> & { __v: number; }'.
src/controllers/materialController.ts(108,19): error TS2339: Property 'stats' does not exist on type 'Document<unknown, {}, IUser, {}, {}> & IUser & Required<{ _id: ObjectId; }> & { __v: number; }'.
src/controllers/materialController.ts(108,31): error TS2339: Property 'stats' does not exist on type 'Document<unknown, {}, IUser, {}, {}> & IUser & Required<{ _id: ObjectId; }> & { __v: number; }'.
src/controllers/materialController.ts(109,14): error TS2339: Property 'stats' does not exist on type 'Document<unknown, {}, IUser, {}, {}> & IUser & Required<{ _id: ObjectId; }> & { __v: number; }'.
src/controllers/materialController.ts(109,45): error TS2339: Property 'stats' does not exist on type 'Document<unknown, {}, IUser, {}, {}> & IUser & Required<{ _id: ObjectId; }> & { __v: number; }'.
src/controllers/materialController.ts(110,14): error TS2339: Property 'stats' does not exist on type 'Document<unknown, {}, IUser, {}, {}> & IUser & Required<{ _id: ObjectId; }> & { __v: number; }'.
src/controllers/materialController.ts(110,44): error TS2339: Property 'stats' does not exist on type 'Document<unknown, {}, IUser, {}, {}> & IUser & Required<{ _id: ObjectId; }> & { __v: number; }'.
src/controllers/materialController.ts(138,29): error TS2339: Property 'materials' does not exist on type 'Document<unknown, {}, IUser, {}, {}> & IUser & Required<{ _id: ObjectId; }> & { __v: number; }'.
src/controllers/materialController.ts(155,34): error TS2339: Property 'materials' does not exist on type 'Document<unknown, {}, IUser, {}, {}> & IUser & Required<{ _id: ObjectId; }> & { __v: number; }'.
src/controllers/materialController.ts(171,14): error TS2339: Property 'materials' does not exist on type 'Document<unknown, {}, IUser, {}, {}> & IUser & Required<{ _id: ObjectId; }> & { __v: number; }'.
src/controllers/materialController.ts(200,29): error TS2339: Property 'materials' does not exist on type 'Document<unknown, {}, IUser, {}, {}> & IUser & Required<{ _id: ObjectId; }> & { __v: number; }'.
src/controllers/materialController.ts(241,14): error TS2339: Property 'materials' does not exist on type 'Document<unknown, {}, IUser, {}, {}> & IUser & Required<{ _id: ObjectId; }> & { __v: number; }'.
src/controllers/materialController.ts(241,38): error TS2339: Property 'materials' does not exist on type 'Document<unknown, {}, IUser, {}, {}> & IUser & Required<{ _id: ObjectId; }> & { __v: number; }'.
src/controllers/materialController.ts(245,19): error TS2339: Property 'stats' does not exist on type 'Document<unknown, {}, IUser, {}, {}> & IUser & Required<{ _id: ObjectId; }> & { __v: number; }'.
src/controllers/materialController.ts(245,31): error TS2339: Property 'stats' does not exist on type 'Document<unknown, {}, IUser, {}, {}> & IUser & Required<{ _id: ObjectId; }> & { __v: number; }'.
src/controllers/materialController.ts(246,14): error TS2339: Property 'stats' does not exist on type 'Document<unknown, {}, IUser, {}, {}> & IUser & Required<{ _id: ObjectId; }> & { __v: number; }'.
src/controllers/materialController.ts(246,44): error TS2339: Property 'stats' does not exist on type 'Document<unknown, {}, IUser, {}, {}> & IUser & Required<{ _id: ObjectId; }> & { __v: number; }'.
src/controllers/materialController.ts(278,29): error TS2339: Property 'materials' does not exist on type 'Document<unknown, {}, IUser, {}, {}> & IUser & Required<{ _id: ObjectId; }> & { __v: number; }'.
src/controllers/rigController.ts(19,40): error TS2339: Property 'lastCollectionAt' does not exist on type 'Document<unknown, {}, IRig, {}, {}> & IRig & Required<{ _id: ObjectId; }> & { __v: number; }'.
src/controllers/rigController.ts(19,72): error TS2339: Property 'lastCollectionAt' does not exist on type 'Document<unknown, {}, IRig, {}, {}> & IRig & Required<{ _id: ObjectId; }> & { __v: number; }'.
src/controllers/rigController.ts(155,13): error TS2339: Property 'lastClaimAt' does not exist on type 'Document<unknown, {}, IRig, {}, {}> & IRig & Required<{ _id: ObjectId; }> & { __v: number; }'.
src/controllers/rigController.ts(173,30): error TS2339: Property 'lastClaimAt' does not exist on type 'Document<unknown, {}, IRig, {}, {}> & IRig & Required<{ _id: ObjectId; }> & { __v: number; }'.
src/controllers/rigController.ts(279,17): error TS2339: Property 'lastCollectionAt' does not exist on type 'Document<unknown, {}, IRig, {}, {}> & IRig & Required<{ _id: ObjectId; }> & { __v: number; }'.
src/controllers/rigController.ts(298,19): error TS2339: Property 'materials' does not exist on type 'Document<unknown, {}, IUser, {}, {}> & IUser & Required<{ _id: ObjectId; }> & { __v: number; }'.
src/controllers/rigController.ts(298,35): error TS2339: Property 'materials' does not exist on type 'Document<unknown, {}, IUser, {}, {}> & IUser & Required<{ _id: ObjectId; }> & { __v: number; }'.
src/controllers/rigController.ts(299,36): error TS2339: Property 'materials' does not exist on type 'Document<unknown, {}, IUser, {}, {}> & IUser & Required<{ _id: ObjectId; }> & { __v: number; }'.
src/controllers/rigController.ts(300,14): error TS2339: Property 'materials' does not exist on type 'Document<unknown, {}, IUser, {}, {}> & IUser & Required<{ _id: ObjectId; }> & { __v: number; }'.
src/controllers/rigController.ts(304,13): error TS2339: Property 'lastCollectionAt' does not exist on type 'Document<unknown, {}, IRig, {}, {}> & IRig & Required<{ _id: ObjectId; }> & { __v: number; }'.
src/controllers/rigController.ts(311,29): error TS2339: Property 'materials' does not exist on type 'Document<unknown, {}, IUser, {}, {}> & IUser & Required<{ _id: ObjectId; }> & { __v: number; }'.
src/controllers/rigController.ts(312,35): error TS2339: Property 'lastCollectionAt' does not exist on type 'Document<unknown, {}, IRig, {}, {}> & IRig & Required<{ _id: ObjectId; }> & { __v: number; }'.
src/controllers/rigController.ts(314,85): error TS2339: Property 'materials' does not exist on type 'Document<unknown, {}, IUser, {}, {}> & IUser & Required<{ _id: ObjectId; }> & { __v: number; }'.
src/controllers/rigController.ts(379,17): error TS2339: Property 'lastCollectionAt' does not exist on type 'Document<unknown, {}, IRig, {}, {}> & IRig & Required<{ _id: ObjectId; }> & { __v: number; }'.
src/controllers/rigController.ts(387,19): error TS2339: Property 'materials' does not exist on type 'Document<unknown, {}, IUser, {}, {}> & IUser & Required<{ _id: ObjectId; }> & { __v: number; }'.
src/controllers/rigController.ts(387,35): error TS2339: Property 'materials' does not exist on type 'Document<unknown, {}, IUser, {}, {}> & IUser & Required<{ _id: ObjectId; }> & { __v: number; }'.
src/controllers/rigController.ts(388,14): error TS2339: Property 'materials' does not exist on type 'Document<unknown, {}, IUser, {}, {}> & IUser & Required<{ _id: ObjectId; }> & { __v: number; }'.
src/controllers/rigController.ts(388,52): error TS2339: Property 'materials' does not exist on type 'Document<unknown, {}, IUser, {}, {}> & IUser & Required<{ _id: ObjectId; }> & { __v: number; }'.
src/controllers/rigController.ts(391,13): error TS2339: Property 'lastCollectionAt' does not exist on type 'Document<unknown, {}, IRig, {}, {}> & IRig & Required<{ _id: ObjectId; }> & { __v: number; }'.
src/controllers/rigController.ts(394,19): error TS2339: Property 'stats' does not exist on type 'Document<unknown, {}, IUser, {}, {}> & IUser & Required<{ _id: ObjectId; }> & { __v: number; }'.
src/controllers/rigController.ts(394,31): error TS2339: Property 'stats' does not exist on type 'Document<unknown, {}, IUser, {}, {}> & IUser & Required<{ _id: ObjectId; }> & { __v: number; }'.
src/controllers/rigController.ts(395,14): error TS2339: Property 'stats' does not exist on type 'Document<unknown, {}, IUser, {}, {}> & IUser & Required<{ _id: ObjectId; }> & { __v: number; }'.
src/controllers/rigController.ts(395,48): error TS2339: Property 'stats' does not exist on type 'Document<unknown, {}, IUser, {}, {}> & IUser & Required<{ _id: ObjectId; }> & { __v: number; }'.
src/controllers/rigController.ts(406,29): error TS2339: Property 'materials' does not exist on type 'Document<unknown, {}, IUser, {}, {}> & IUser & Required<{ _id: ObjectId; }> & { __v: number; }'.
src/diagnose_admin.ts(6,10): error TS2724: '"./models/User"' has no exported member named 'User'. Did you mean 'IUser'?
